// Jest Snapshot v1, https://goo.gl/fbAQLP

exports[`ButtonComplete should render correctly 1`] = `ShallowWrapper {}`;
